[1;33mTesting Database Connection...[0m
[0;32m✓ Database connection successful[0m

[1;33m=== Part 1: Database Tests ===[0m
[1;33mRunning Database Model Tests...[0m
